******************************************************************************
                  TI ARM Linker PC v20.2.7                     
******************************************************************************
>> Linked Thu Nov 28 23:16:22 2024

OUTPUT FILE NAME:   <Project.out>
ENTRY POINT SYMBOL: "_c_int00_noargs"  address: 00002251


MEMORY CONFIGURATION

         name            origin    length      used     unused   attr    fill
----------------------  --------  ---------  --------  --------  ----  --------
  FLASH                 00000000   00040000  000026f1  0003d90f  R  X
  SRAM                  20000000   00008000  00000208  00007df8  RW X


SEGMENT ALLOCATION MAP

run origin  load origin   length   init length attrs members
----------  ----------- ---------- ----------- ----- -------
00000000    00000000    000026f8   000026f8    r-x
  00000000    00000000    0000026c   0000026c    r-- .intvecs
  0000026c    0000026c    00002174   00002174    r-x .text
  000023e0    000023e0    000002e1   000002e1    r-- .const
  000026c8    000026c8    00000030   00000030    r-- .cinit
20000000    20000000    00000208   00000000    rw-
  20000000    20000000    00000200   00000000    rw- .stack
  20000200    20000200    00000004   00000000    rw- .bss
  20000204    20000204    00000004   00000000    rw- .data


SECTION ALLOCATION MAP

 output                                  attributes/
section   page    origin      length       input sections
--------  ----  ----------  ----------   ----------------
.intvecs   0    00000000    0000026c     
                  00000000    0000026c     tm4c123gh6pm_startup_ccs.obj (.intvecs)

.text      0    0000026c    00002174     
                  0000026c    00000a4e     rtsv7M4_T_le_v4SPD16_eabi.lib : _printfi.c.obj (.text:__TI_printfi)
                  00000cba    00000002                                   : div0.asm.obj (.text)
                  00000cbc    000002f4     oled.obj (.text)
                  00000fb0    00000270     rtsv7M4_T_le_v4SPD16_eabi.lib : _printfi.c.obj (.text:_pconv_a)
                  00001220    000001d0                                   : _printfi.c.obj (.text:_pconv_g)
                  000013f0    000001b6                                   : fd_add_t2.asm.obj (.text)
                  000015a6    00000002     --HOLE-- [fill = 0]
                  000015a8    0000013c                                   : _printfi.c.obj (.text:_pconv_e)
                  000016e4    00000136                                   : fd_div_t2.asm.obj (.text)
                  0000181a    00000002     --HOLE-- [fill = 0]
                  0000181c    00000124                                   : _printfi.c.obj (.text:fcvt)
                  00001940    00000110                                   : s_scalbn.c.obj (.text:scalbn)
                  00001a50    000000fc                                   : fd_mul_t2.asm.obj (.text)
                  00001b4c    000000b1                                   : _printfi.c.obj (.text:_ltostr)
                  00001bfd    00000001     --HOLE-- [fill = 0]
                  00001bfe    0000009c                                   : memcpy_t2.asm.obj (.text)
                  00001c9a    00000096                                   : ull_div_t2.asm.obj (.text)
                  00001d30    00000086                                   : fd_cmp_t2.asm.obj (.text:__aeabi_cdcmple)
                  00001db6    00000086                                   : fd_cmp_t2.asm.obj (.text:__aeabi_cdrcmple)
                  00001e3c    0000007a                                   : memset_t2.asm.obj (.text)
                  00001eb6    0000006e                                   : _printfi.c.obj (.text:_mcpy)
                  00001f24    00000068                                   : copy_decompress_lzss.c.obj (.text:decompress:lzss:__TI_decompress_lzss)
                  00001f8c    00000064                                   : s_frexp.c.obj (.text:frexp)
                  00001ff0    00000056                                   : _printfi.c.obj (.text:_pconv_f)
                  00002046    00000054                                   : _ltoa.c.obj (.text:__TI_ltoa)
                  0000209a    00000052                                   : _printfi.c.obj (.text:_ecpy)
                  000020ec    0000004c                                   : atoi.c.obj (.text:atoi)
                  00002138    0000004c                                   : snprintf.c.obj (.text:snprintf)
                  00002184    00000048                                   : fd_toi_t2.asm.obj (.text)
                  000021cc    00000044                                   : autoinit.c.obj (.text:__TI_auto_init_nobinit_nopinit:__TI_auto_init_nobinit_nopinit)
                  00002210    0000003e                                   : _printfi.c.obj (.text:_fcpy)
                  0000224e    00000002     --HOLE-- [fill = 0]
                  00002250    00000034                                   : boot_cortex_m.c.obj (.text:_c_int00_noargs:_c_int00_noargs)
                  00002284    00000030                                   : snprintf.c.obj (.text:_outs)
                  000022b4    0000002e                                   : i_tofd_t2.asm.obj (.text)
                  000022e2    00000002     --HOLE-- [fill = 0]
                  000022e4    0000002c     main.obj (.text)
                  00002310    0000001c     rtsv7M4_T_le_v4SPD16_eabi.lib : copy_zero_init.c.obj (.text:decompress:ZI:__TI_zero_init_nomemset:__TI_zero_init_nomemset)
                  0000232c    0000001c                                   : memccpy.c.obj (.text:memccpy)
                  00002348    0000001a                                   : s_copysign.c.obj (.text:copysign)
                  00002362    00000018                                   : snprintf.c.obj (.text:_outc)
                  0000237a    00000016                                   : strchr.c.obj (.text:strchr)
                  00002390    00000014                                   : strlen.c.obj (.text:strlen)
                  000023a4    00000012                                   : wcslen.c.obj (.text:wcslen)
                  000023b6    0000000e                                   : copy_decompress_none.c.obj (.text:decompress:none:__TI_decompress_none)
                  000023c4    0000000c     tm4c123gh6pm_startup_ccs.obj (.text)
                  000023d0    00000008     rtsv7M4_T_le_v4SPD16_eabi.lib : errno.c.obj (.text:__aeabi_errno_addr)
                  000023d8    00000004                                   : pre_init.c.obj (.text:_system_pre_init)
                  000023dc    00000004                                   : exit.c.obj (.text:abort:abort)

.const     0    000023e0    000002e1     
                  000023e0    000001e0     font.obj (.const:font)
                  000025c0    00000101     rtsv7M4_T_le_v4SPD16_eabi.lib : ctype.c.obj (.const:.string:_ctypes_)

.cinit     0    000026c8    00000030     
                  000026c8    0000000c     (__TI_handler_table)
                  000026d4    00000004     --HOLE-- [fill = 0]
                  000026d8    00000008     (.cinit..bss.load) [load image, compression = zero_init]
                  000026e0    00000007     (.cinit..data.load) [load image, compression = lzss]
                  000026e7    00000001     --HOLE-- [fill = 0]
                  000026e8    00000010     (__TI_cinit_table)

.init_array 
*          0    00000000    00000000     UNINITIALIZED

.bss       0    20000200    00000004     UNINITIALIZED
                  20000200    00000001     (.common:col)
                  20000201    00000001     (.common:cursorX)
                  20000202    00000001     (.common:cursorY)
                  20000203    00000001     (.common:page)

.data      0    20000204    00000004     UNINITIALIZED
                  20000204    00000004     rtsv7M4_T_le_v4SPD16_eabi.lib : errno.c.obj (.data)

.stack     0    20000000    00000200     UNINITIALIZED
                  20000000    00000004     rtsv7M4_T_le_v4SPD16_eabi.lib : boot_cortex_m.c.obj (.stack)
                  20000004    000001fc     --HOLE--

__llvm_prf_cnts 
*          0    20000000    00000000     UNINITIALIZED

MODULE SUMMARY

       Module                         code   ro data   rw data
       ------                         ----   -------   -------
    .\
       oled.obj                       756    0         4      
       tm4c123gh6pm_startup_ccs.obj   12     620       0      
       font.obj                       0      480       0      
       main.obj                       44     0         0      
    +--+------------------------------+------+---------+---------+
       Total:                         812    1100      4      
                                                              
    C:\ti\ccs1271\ccs\tools\compiler\ti-cgt-arm_20.2.7.LTS\lib\rtsv7M4_T_le_v4SPD16_eabi.lib
       _printfi.c.obj                 4851   0         0      
       fd_add_t2.asm.obj              438    0         0      
       fd_div_t2.asm.obj              310    0         0      
       s_scalbn.c.obj                 272    0         0      
       fd_cmp_t2.asm.obj              268    0         0      
       ctype.c.obj                    0      257       0      
       fd_mul_t2.asm.obj              252    0         0      
       memcpy_t2.asm.obj              156    0         0      
       ull_div_t2.asm.obj             150    0         0      
       snprintf.c.obj                 148    0         0      
       memset_t2.asm.obj              122    0         0      
       copy_decompress_lzss.c.obj     104    0         0      
       s_frexp.c.obj                  100    0         0      
       _ltoa.c.obj                    84     0         0      
       atoi.c.obj                     76     0         0      
       fd_toi_t2.asm.obj              72     0         0      
       autoinit.c.obj                 68     0         0      
       boot_cortex_m.c.obj            52     0         0      
       i_tofd_t2.asm.obj              46     0         0      
       copy_zero_init.c.obj           28     0         0      
       memccpy.c.obj                  28     0         0      
       s_copysign.c.obj               26     0         0      
       strchr.c.obj                   22     0         0      
       strlen.c.obj                   20     0         0      
       wcslen.c.obj                   18     0         0      
       copy_decompress_none.c.obj     14     0         0      
       errno.c.obj                    8      0         4      
       exit.c.obj                     4      0         0      
       pre_init.c.obj                 4      0         0      
       div0.asm.obj                   2      0         0      
    +--+------------------------------+------+---------+---------+
       Total:                         7743   257       4      
                                                              
       Stack:                         0      0         512    
       Linker Generated:              0      43        0      
    +--+------------------------------+------+---------+---------+
       Grand Total:                   8555   1400      520    


LINKER GENERATED COPY TABLES

__TI_cinit_table @ 000026e8 records: 2, size/record: 8, table size: 16
	.bss: load addr=000026d8, load size=00000008 bytes, run addr=20000200, run size=00000004 bytes, compression=zero_init
	.data: load addr=000026e0, load size=00000007 bytes, run addr=20000204, run size=00000004 bytes, compression=lzss


LINKER GENERATED HANDLER TABLE

__TI_handler_table @ 000026c8 records: 3, size/record: 4, table size: 12
	index: 0, handler: __TI_decompress_lzss
	index: 1, handler: __TI_decompress_none
	index: 2, handler: __TI_zero_init


GLOBAL SYMBOLS: SORTED ALPHABETICALLY BY Name 

address   name                          
-------   ----                          
000023dd  C$$EXIT                       
00000d9f  OLED_Clear                    
00000cbd  OLED_Init                     
00000e2f  OLED_PrintChar                
00000ed5  OLED_PrintNumber              
00000eb9  OLED_PrintString              
00000dfb  OLED_SetCursor                
000023c5  ResetISR                      
20000200  __STACK_END                   
00000200  __STACK_SIZE                  
20000200  __STACK_TOP                   
000026e8  __TI_CINIT_Base               
000026f8  __TI_CINIT_Limit              
000026c8  __TI_Handler_Table_Base       
000026d4  __TI_Handler_Table_Limit      
000021cd  __TI_auto_init_nobinit_nopinit
00001f25  __TI_decompress_lzss          
000023b7  __TI_decompress_none          
00002047  __TI_ltoa                     
ffffffff  __TI_pprof_out_hndl           
0000026d  __TI_printfi                  
ffffffff  __TI_prof_data_size           
ffffffff  __TI_prof_data_start          
00000000  __TI_static_base__            
00002311  __TI_zero_init_nomemset       
00001d31  __aeabi_cdcmpeq               
00001d31  __aeabi_cdcmple               
00001db7  __aeabi_cdrcmple              
00002185  __aeabi_d2iz                  
000013fb  __aeabi_dadd                  
000016e5  __aeabi_ddiv                  
00001a51  __aeabi_dmul                  
000013f1  __aeabi_dsub                  
000023d1  __aeabi_errno_addr            
000022b5  __aeabi_i2d                   
00000cbb  __aeabi_idiv0                 
00000cbb  __aeabi_ldiv0                 
00001e3d  __aeabi_memclr                
00001e3d  __aeabi_memclr4               
00001e3d  __aeabi_memclr8               
00001bff  __aeabi_memcpy                
00001bff  __aeabi_memcpy4               
00001bff  __aeabi_memcpy8               
00001e3f  __aeabi_memset                
00001e3f  __aeabi_memset4               
00001e3f  __aeabi_memset8               
00001c9b  __aeabi_uldivmod              
ffffffff  __binit__                     
ffffffff  __c_args__                    
UNDEFED   __mpu_init                    
20000000  __stack                       
20000000  __start___llvm_prf_cnts       
20000000  __stop___llvm_prf_cnts        
00002251  _c_int00_noargs               
000025c0  _ctypes_                      
UNDEFED   _system_post_cinit            
000023d9  _system_pre_init              
000023dd  abort                         
000020ed  atoi                          
ffffffff  binit                         
20000200  col                           
00002349  copysign                      
00002349  copysignl                     
20000201  cursorX                       
20000202  cursorY                       
20000204  errno                         
000023e0  font                          
00001f8d  frexp                         
00001f8d  frexpl                        
00000000  g_pfnVectors                  
00001941  ldexp                         
00001941  ldexpl                        
000022e5  main                          
0000232d  memccpy                       
00001bff  memcpy                        
00001e45  memset                        
20000203  page                          
00001941  scalbn                        
00001941  scalbnl                       
00002139  snprintf                      
0000237b  strchr                        
00002391  strlen                        
000023a5  wcslen                        


GLOBAL SYMBOLS: SORTED BY Symbol Address 

address   name                          
-------   ----                          
00000000  __TI_static_base__            
00000000  g_pfnVectors                  
00000200  __STACK_SIZE                  
0000026d  __TI_printfi                  
00000cbb  __aeabi_idiv0                 
00000cbb  __aeabi_ldiv0                 
00000cbd  OLED_Init                     
00000d9f  OLED_Clear                    
00000dfb  OLED_SetCursor                
00000e2f  OLED_PrintChar                
00000eb9  OLED_PrintString              
00000ed5  OLED_PrintNumber              
000013f1  __aeabi_dsub                  
000013fb  __aeabi_dadd                  
000016e5  __aeabi_ddiv                  
00001941  ldexp                         
00001941  ldexpl                        
00001941  scalbn                        
00001941  scalbnl                       
00001a51  __aeabi_dmul                  
00001bff  __aeabi_memcpy                
00001bff  __aeabi_memcpy4               
00001bff  __aeabi_memcpy8               
00001bff  memcpy                        
00001c9b  __aeabi_uldivmod              
00001d31  __aeabi_cdcmpeq               
00001d31  __aeabi_cdcmple               
00001db7  __aeabi_cdrcmple              
00001e3d  __aeabi_memclr                
00001e3d  __aeabi_memclr4               
00001e3d  __aeabi_memclr8               
00001e3f  __aeabi_memset                
00001e3f  __aeabi_memset4               
00001e3f  __aeabi_memset8               
00001e45  memset                        
00001f25  __TI_decompress_lzss          
00001f8d  frexp                         
00001f8d  frexpl                        
00002047  __TI_ltoa                     
000020ed  atoi                          
00002139  snprintf                      
00002185  __aeabi_d2iz                  
000021cd  __TI_auto_init_nobinit_nopinit
00002251  _c_int00_noargs               
000022b5  __aeabi_i2d                   
000022e5  main                          
00002311  __TI_zero_init_nomemset       
0000232d  memccpy                       
00002349  copysign                      
00002349  copysignl                     
0000237b  strchr                        
00002391  strlen                        
000023a5  wcslen                        
000023b7  __TI_decompress_none          
000023c5  ResetISR                      
000023d1  __aeabi_errno_addr            
000023d9  _system_pre_init              
000023dd  C$$EXIT                       
000023dd  abort                         
000023e0  font                          
000025c0  _ctypes_                      
000026c8  __TI_Handler_Table_Base       
000026d4  __TI_Handler_Table_Limit      
000026e8  __TI_CINIT_Base               
000026f8  __TI_CINIT_Limit              
20000000  __stack                       
20000000  __start___llvm_prf_cnts       
20000000  __stop___llvm_prf_cnts        
20000200  __STACK_END                   
20000200  __STACK_TOP                   
20000200  col                           
20000201  cursorX                       
20000202  cursorY                       
20000203  page                          
20000204  errno                         
ffffffff  __TI_pprof_out_hndl           
ffffffff  __TI_prof_data_size           
ffffffff  __TI_prof_data_start          
ffffffff  __binit__                     
ffffffff  __c_args__                    
ffffffff  binit                         
UNDEFED   __mpu_init                    
UNDEFED   _system_post_cinit            

[83 symbols]
